[    0.000000] Linux version 5.1.0-rc7-next-20190503 (root@heynard) (gcc version 8.2.0 (GCC)) #1 SMP Sun May 5 05:25:52 CEST 2019
[    0.000000] Command line: BOOT_IMAGE=/vmlinuz-linux-next root=/dev/sda2 ro
[    0.000000] x86/fpu: Supporting XSAVE feature 0x001: 'x87 floating point registers'
[    0.000000] x86/fpu: Supporting XSAVE feature 0x002: 'SSE registers'
[    0.000000] x86/fpu: Supporting XSAVE feature 0x004: 'AVX registers'
[    0.000000] x86/fpu: xstate_offset[2]:  576, xstate_sizes[2]:  256
[    0.000000] x86/fpu: Enabled xstate features 0x7, context size is 832 bytes, using 'standard' format.
[    0.000000] BIOS-provided physical RAM map:
[    0.000000] BIOS-e820: [mem 0x0000000000000000-0x000000000009fbff] usable
[    0.000000] BIOS-e820: [mem 0x000000000009fc00-0x000000000009ffff] reserved
[    0.000000] BIOS-e820: [mem 0x00000000000f0000-0x00000000000fffff] reserved
[    0.000000] BIOS-e820: [mem 0x0000000000100000-0x000000007ffeffff] usable
[    0.000000] BIOS-e820: [mem 0x000000007fff0000-0x000000007fffffff] ACPI data
[    0.000000] BIOS-e820: [mem 0x00000000fec00000-0x00000000fec00fff] reserved
[    0.000000] BIOS-e820: [mem 0x00000000fee00000-0x00000000fee00fff] reserved
[    0.000000] BIOS-e820: [mem 0x00000000fffc0000-0x00000000ffffffff] reserved
[    0.000000] NX (Execute Disable) protection: active
[    0.000000] SMBIOS 2.5 present.
[    0.000000] DMI: innotek GmbH VirtualBox/VirtualBox, BIOS VirtualBox 12/01/2006
[    0.000000] tsc: Fast TSC calibration failed
[    0.000000] e820: update [mem 0x00000000-0x00000fff] usable ==> reserved
[    0.000000] e820: remove [mem 0x000a0000-0x000fffff] usable
[    0.000000] last_pfn = 0x7fff0 max_arch_pfn = 0x400000000
[    0.000000] MTRR default type: uncachable
[    0.000000] MTRR variable ranges disabled:
[    0.000000] Disabled
[    0.000000] x86/PAT: MTRRs disabled, skipping PAT initialization too.
[    0.000000] CPU MTRRs all blank - virtualized system.
[    0.000000] x86/PAT: Configuration [0-7]: WB  WT  UC- UC  WB  WT  UC- UC  
[    0.000000] found SMP MP-table at [mem 0x0009fff0-0x0009ffff]
[    0.000000] check: Scanning 1 areas for low memory corruption
[    0.000000] BRK [0x34401000, 0x34401fff] PGTABLE
[    0.000000] BRK [0x34402000, 0x34402fff] PGTABLE
[    0.000000] BRK [0x34403000, 0x34403fff] PGTABLE
[    0.000000] BRK [0x34404000, 0x34404fff] PGTABLE
[    0.000000] BRK [0x34405000, 0x34405fff] PGTABLE
[    0.000000] BRK [0x34406000, 0x34406fff] PGTABLE
[    0.000000] ACPI: Early table checksum verification disabled
[    0.000000] ACPI: RSDP 0x00000000000E0000 000024 (v02 VBOX  )
[    0.000000] ACPI: XSDT 0x000000007FFF0030 00003C (v01 VBOX   VBOXXSDT 00000001 ASL  00000061)
[    0.000000] ACPI: FACP 0x000000007FFF00F0 0000F4 (v04 VBOX   VBOXFACP 00000001 ASL  00000061)
[    0.000000] ACPI: DSDT 0x000000007FFF0470 0021FF (v02 VBOX   VBOXBIOS 00000002 INTL 20100528)
[    0.000000] ACPI: FACS 0x000000007FFF0200 000040
[    0.000000] ACPI: FACS 0x000000007FFF0200 000040
[    0.000000] ACPI: APIC 0x000000007FFF0240 000054 (v02 VBOX   VBOXAPIC 00000001 ASL  00000061)
[    0.000000] ACPI: SSDT 0x000000007FFF02A0 0001CC (v01 VBOX   VBOXCPUT 00000002 INTL 20100528)
[    0.000000] ACPI: Local APIC address 0xfee00000
[    0.000000] No NUMA configuration found
[    0.000000] Faking a node at [mem 0x0000000000000000-0x000000007ffeffff]
[    0.000000] NODE_DATA(0) allocated [mem 0x7ffec000-0x7ffeffff]
[    0.000000] Zone ranges:
[    0.000000]   DMA      [mem 0x0000000000001000-0x0000000000ffffff]
[    0.000000]   DMA32    [mem 0x0000000001000000-0x000000007ffeffff]
[    0.000000]   Normal   empty
[    0.000000] Movable zone start for each node
[    0.000000] Early memory node ranges
[    0.000000]   node   0: [mem 0x0000000000001000-0x000000000009efff]
[    0.000000]   node   0: [mem 0x0000000000100000-0x000000007ffeffff]
[    0.000000] Zeroed struct page in unavailable ranges: 98 pages
[    0.000000] Initmem setup node 0 [mem 0x0000000000001000-0x000000007ffeffff]
[    0.000000] On node 0 totalpages: 524174
[    0.000000]   DMA zone: 64 pages used for memmap
[    0.000000]   DMA zone: 21 pages reserved
[    0.000000]   DMA zone: 3998 pages, LIFO batch:0
[    0.000000]   DMA32 zone: 8128 pages used for memmap
[    0.000000]   DMA32 zone: 520176 pages, LIFO batch:63
[    0.000000] ACPI: PM-Timer IO Port: 0x4008
[    0.000000] ACPI: Local APIC address 0xfee00000
[    0.000000] IOAPIC[0]: apic_id 1, version 32, address 0xfec00000, GSI 0-23
[    0.000000] ACPI: INT_SRC_OVR (bus 0 bus_irq 0 global_irq 2 dfl dfl)
[    0.000000] ACPI: INT_SRC_OVR (bus 0 bus_irq 9 global_irq 9 low level)
[    0.000000] ACPI: IRQ0 used by override.
[    0.000000] ACPI: IRQ9 used by override.
[    0.000000] Using ACPI (MADT) for SMP configuration information
[    0.000000] smpboot: Allowing 1 CPUs, 0 hotplug CPUs
[    0.000000] PM: Registered nosave memory: [mem 0x00000000-0x00000fff]
[    0.000000] PM: Registered nosave memory: [mem 0x0009f000-0x0009ffff]
[    0.000000] PM: Registered nosave memory: [mem 0x000a0000-0x000effff]
[    0.000000] PM: Registered nosave memory: [mem 0x000f0000-0x000fffff]
[    0.000000] [mem 0x80000000-0xfebfffff] available for PCI devices
[    0.000000] clocksource: refined-jiffies: mask: 0xffffffff max_cycles: 0xffffffff, max_idle_ns: 1910969940391419 ns
[    0.000000] setup_percpu: NR_CPUS:64 nr_cpumask_bits:64 nr_cpu_ids:1 nr_node_ids:1
[    0.000000] percpu: Embedded 51 pages/cpu s170968 r8192 d29736 u2097152
[    0.000000] pcpu-alloc: s170968 r8192 d29736 u2097152 alloc=1*2097152
[    0.000000] pcpu-alloc: [0] 0 
[    0.000000] node[0] zonelist: 0:DMA32 0:DMA 
[    0.000000] Built 1 zonelists, mobility grouping on.  Total pages: 515961
[    0.000000] Policy zone: DMA32
[    0.000000] Kernel command line: BOOT_IMAGE=/vmlinuz-linux-next root=/dev/sda2 ro
[    0.000000] Calgary: detecting Calgary via BIOS EBDA area
[    0.000000] Calgary: Unable to locate Rio Grande table in EBDA - bailing!
[    0.000000] Memory: 2034748K/2096696K available (14340K kernel code, 1310K rwdata, 3112K rodata, 1300K init, 1296K bss, 61948K reserved, 0K cma-reserved)
[    0.000000] SLUB: HWalign=64, Order=0-3, MinObjects=0, CPUs=1, Nodes=1
[    0.000000] Kernel/User page tables isolation: enabled
[    0.000000] rcu: Hierarchical RCU implementation.
[    0.000000] rcu: 	RCU event tracing is enabled.
[    0.000000] rcu: 	RCU restricting CPUs from NR_CPUS=64 to nr_cpu_ids=1.
[    0.000000] rcu: RCU calculated value of scheduler-enlistment delay is 100 jiffies.
[    0.000000] rcu: Adjusting geometry for rcu_fanout_leaf=16, nr_cpu_ids=1
[    0.000000] NR_IRQS: 4352, nr_irqs: 256, preallocated irqs: 16
[    0.000000] random: get_random_bytes called from start_kernel+0x2bf/0x493 with crng_init=0
[    0.000000] Console: colour VGA+ 80x25
[    0.000000] printk: console [tty0] enabled
[    0.000000] ACPI: Core revision 20190405
[    0.000000] APIC: Switch to symmetric I/O mode setup
[    0.037000] ..TIMER: vector=0x30 apic1=0 pin1=2 apic2=-1 pin2=-1
[    0.047000] tsc: Unable to calibrate against PIT
[    0.048000] tsc: HPET/PMTIMER calibration failed
[    0.049000] tsc: Marking TSC unstable due to could not calculate TSC khz
[    0.050000] Calibrating delay loop... 879.61 BogoMIPS (lpj=439808)
[    0.058000] pid_max: default: 32768 minimum: 301
[    0.059000] LSM: Security Framework initializing
[    0.060000] SELinux:  Initializing.
[    0.062000] *** VALIDATE SELinux ***
[    0.066000] Dentry cache hash table entries: 262144 (order: 9, 2097152 bytes)
[    0.068000] Inode-cache hash table entries: 131072 (order: 8, 1048576 bytes)
[    0.070000] Mount-cache hash table entries: 4096 (order: 3, 32768 bytes)
[    0.072000] Mountpoint-cache hash table entries: 4096 (order: 3, 32768 bytes)
[    0.078000] *** VALIDATE proc ***
[    0.079000] *** VALIDATE cgroup1 ***
[    0.080000] *** VALIDATE cgroup2 ***
[    0.082000] process: using mwait in idle threads
[    0.083000] Last level iTLB entries: 4KB 512, 2MB 8, 4MB 8
[    0.084000] Last level dTLB entries: 4KB 512, 2MB 32, 4MB 32, 1GB 0
[    0.086000] Spectre V2 : Mitigation: Full generic retpoline
[    0.088000] Spectre V2 : Spectre v2 / SpectreRSB mitigation: Filling RSB on context switch
[    0.089000] Speculative Store Bypass: Vulnerable
[    0.102000] Freeing SMP alternatives memory: 40K
[    0.106000] smpboot: CPU0: Intel(R) Core(TM) i3-3240 CPU @ 3.40GHz (family: 0x6, model: 0x3a, stepping: 0x9)
[    0.108000] Performance Events: unsupported p6 CPU model 58 no PMU driver, software events only.
[    0.111000] rcu: Hierarchical SRCU implementation.
[    0.112000] smp: Bringing up secondary CPUs ...
[    0.113000] smp: Brought up 1 node, 1 CPU
[    0.114000] smpboot: Max logical packages: 1
[    0.115000] smpboot: Total of 1 processors activated (879.61 BogoMIPS)
[    0.117000] devtmpfs: initialized
[    0.119000] clocksource: jiffies: mask: 0xffffffff max_cycles: 0xffffffff, max_idle_ns: 1911260446275000 ns
[    0.120000] futex hash table entries: 256 (order: 2, 16384 bytes)
[    0.123000] PM: RTC time: 14:03:25, date: 2019-05-16
[    0.125000] NET: Registered protocol family 16
[    0.128000] audit: initializing netlink subsys (disabled)
[    0.131000] cpuidle: using governor menu
[    0.132000] ACPI: bus type PCI registered
[    0.133000] audit: type=2000 audit(1558015404.130:1): state=initialized audit_enabled=0 res=1
[    0.137000] PCI: Using configuration type 1 for base access
[    0.142000] HugeTLB registered 2.00 MiB page size, pre-allocated 0 pages
[    0.144000] cryptomgr_test (20) used greatest stack depth: 15520 bytes left
[    0.146000] kworker/u2:0 (22) used greatest stack depth: 14664 bytes left
[    0.149000] kworker/u2:0 (27) used greatest stack depth: 14080 bytes left
[    0.153000] ACPI: Added _OSI(Module Device)
[    0.154000] ACPI: Added _OSI(Processor Device)
[    0.155000] ACPI: Added _OSI(3.0 _SCP Extensions)
[    0.156000] ACPI: Added _OSI(Processor Aggregator Device)
[    0.157000] ACPI: Added _OSI(Linux-Dell-Video)
[    0.158000] ACPI: Added _OSI(Linux-Lenovo-NV-HDMI-Audio)
[    0.159000] ACPI: Added _OSI(Linux-HPI-Hybrid-Graphics)
[    0.164000] ACPI: 2 ACPI AML tables successfully acquired and loaded
[    0.177000] ACPI: Interpreter enabled
[    0.179000] ACPI: (supports S0 S5)
[    0.181000] ACPI: Using IOAPIC for interrupt routing
[    0.183000] PCI: Using host bridge windows from ACPI; if necessary, use "pci=nocrs" and report a bug
[    0.186000] ACPI: Enabled 2 GPEs in block 00 to 07
[    0.220000] ACPI: PCI Root Bridge [PCI0] (domain 0000 [bus 00-ff])
[    0.221000] acpi PNP0A03:00: _OSC: OS supports [ASPM ClockPM Segments MSI HPX-Type3]
[    0.223000] acpi PNP0A03:00: _OSC: not requesting OS control; OS requires [ExtendedConfig ASPM ClockPM MSI]
[    0.224000] acpi PNP0A03:00: fail to add MMCONFIG information, can't access extended PCI configuration space under this bridge.
[    0.227000] PCI host bridge to bus 0000:00
[    0.228000] pci_bus 0000:00: root bus resource [io  0x0000-0x0cf7 window]
[    0.229000] pci_bus 0000:00: root bus resource [io  0x0d00-0xffff window]
[    0.230000] pci_bus 0000:00: root bus resource [mem 0x000a0000-0x000bffff window]
[    0.231000] pci_bus 0000:00: root bus resource [mem 0x80000000-0xfdffffff window]
[    0.232000] pci_bus 0000:00: root bus resource [bus 00-ff]
[    0.235000] pci 0000:00:00.0: [8086:1237] type 00 class 0x060000
[    0.251000] pci 0000:00:01.0: [8086:7000] type 00 class 0x060100
[    0.272000] pci 0000:00:01.1: [8086:7111] type 00 class 0x01018a
[    0.282000] pci 0000:00:01.1: reg 0x20: [io  0xd000-0xd00f]
[    0.287000] pci 0000:00:01.1: legacy IDE quirk: reg 0x10: [io  0x01f0-0x01f7]
[    0.288000] pci 0000:00:01.1: legacy IDE quirk: reg 0x14: [io  0x03f6]
[    0.289000] pci 0000:00:01.1: legacy IDE quirk: reg 0x18: [io  0x0170-0x0177]
[    0.290000] pci 0000:00:01.1: legacy IDE quirk: reg 0x1c: [io  0x0376]
[    0.298000] pci 0000:00:02.0: [80ee:beef] type 00 class 0x030000
[    0.308000] pci 0000:00:02.0: reg 0x10: [mem 0xe0000000-0xe0ffffff pref]
[    0.351000] pci 0000:00:03.0: [8086:100e] type 00 class 0x020000
[    0.360000] pci 0000:00:03.0: reg 0x10: [mem 0xf0000000-0xf001ffff]
[    0.370000] pci 0000:00:03.0: reg 0x18: [io  0xd010-0xd017]
[    0.410000] pci 0000:00:04.0: [80ee:cafe] type 00 class 0x088000
[    0.416000] pci 0000:00:04.0: reg 0x10: [io  0xd020-0xd03f]
[    0.422000] pci 0000:00:04.0: reg 0x14: [mem 0xf0400000-0xf07fffff]
[    0.428000] pci 0000:00:04.0: reg 0x18: [mem 0xf0800000-0xf0803fff pref]
[    0.463000] pci 0000:00:05.0: [8086:2415] type 00 class 0x040100
[    0.467000] pci 0000:00:05.0: reg 0x10: [io  0xd100-0xd1ff]
[    0.469000] pci 0000:00:05.0: reg 0x14: [io  0xd200-0xd23f]
[    0.483000] pci 0000:00:06.0: [106b:003f] type 00 class 0x0c0310
[    0.490000] pci 0000:00:06.0: reg 0x10: [mem 0xf0804000-0xf0804fff]
[    0.536000] pci 0000:00:07.0: [8086:7113] type 00 class 0x068000
[    0.552000] pci 0000:00:07.0: quirk: [io  0x4000-0x403f] claimed by PIIX4 ACPI
[    0.553000] pci 0000:00:07.0: quirk: [io  0x4100-0x410f] claimed by PIIX4 SMB
[    0.563000] pci 0000:00:0d.0: [8086:2829] type 00 class 0x010601
[    0.571000] pci 0000:00:0d.0: reg 0x10: [io  0xd240-0xd247]
[    0.577000] pci 0000:00:0d.0: reg 0x14: [io  0xd248-0xd24b]
[    0.583000] pci 0000:00:0d.0: reg 0x18: [io  0xd250-0xd257]
[    0.589000] pci 0000:00:0d.0: reg 0x1c: [io  0xd258-0xd25b]
[    0.596000] pci 0000:00:0d.0: reg 0x20: [io  0xd260-0xd26f]
[    0.603000] pci 0000:00:0d.0: reg 0x24: [mem 0xf0806000-0xf0807fff]
[    0.635000] ACPI: PCI Interrupt Link [LNKA] (IRQs 5 9 10 *11)
[    0.639000] ACPI: PCI Interrupt Link [LNKB] (IRQs 5 9 *10 11)
[    0.642000] ACPI: PCI Interrupt Link [LNKC] (IRQs 5 *9 10 11)
[    0.645000] ACPI: PCI Interrupt Link [LNKD] (IRQs 5 9 10 *11)
[    0.649000] pci 0000:00:02.0: vgaarb: setting as boot VGA device
[    0.649000] pci 0000:00:02.0: vgaarb: VGA device added: decodes=io+mem,owns=io+mem,locks=none
[    0.650000] pci 0000:00:02.0: vgaarb: bridge control possible
[    0.651000] vgaarb: loaded
[    0.654000] SCSI subsystem initialized
[    0.655000] libata version 3.00 loaded.
[    0.656000] ACPI: bus type USB registered
[    0.657000] usbcore: registered new interface driver usbfs
[    0.658000] usbcore: registered new interface driver hub
[    0.660000] usbcore: registered new device driver usb
[    0.661000] pps_core: LinuxPPS API ver. 1 registered
[    0.662000] pps_core: Software ver. 5.3.6 - Copyright 2005-2007 Rodolfo Giometti <giometti@linux.it>
[    0.663000] PTP clock support registered
[    0.665000] EDAC MC: Ver: 3.0.0
[    0.673000] Advanced Linux Sound Architecture Driver Initialized.
[    0.675000] PCI: Using ACPI for IRQ routing
[    0.676000] PCI: pci_cache_line_size set to 64 bytes
[    0.681000] e820: reserve RAM buffer [mem 0x0009fc00-0x0009ffff]
[    0.681000] e820: reserve RAM buffer [mem 0x7fff0000-0x7fffffff]
[    0.681000] NetLabel: Initializing
[    0.682000] NetLabel:  domain hash size = 128
[    0.683000] NetLabel:  protocols = UNLABELED CIPSOv4 CALIPSO
[    0.684000] NetLabel:  unlabeled traffic allowed by default
[    0.686000] clocksource: Switched to clocksource refined-jiffies
[    0.802982] VFS: Disk quotas dquot_6.6.0
[    0.803982] VFS: Dquot-cache hash table entries: 512 (order 0, 4096 bytes)
[    0.804981] *** VALIDATE hugetlbfs ***
[    0.806981] pnp: PnP ACPI init
[    0.807981] pnp 00:00: Plug and Play ACPI device, IDs PNP0303 (active)
[    0.808981] pnp 00:01: Plug and Play ACPI device, IDs PNP0f03 (active)
[    0.819979] pnp: PnP ACPI: found 2 devices
[    0.824978] clocksource: acpi_pm: mask: 0xffffff max_cycles: 0xffffff, max_idle_ns: 2085701024 ns
[    0.828866] clocksource: Switched to clocksource acpi_pm
[    0.839464] pci_bus 0000:00: resource 4 [io  0x0000-0x0cf7 window]
[    0.839464] pci_bus 0000:00: resource 5 [io  0x0d00-0xffff window]
[    0.839464] pci_bus 0000:00: resource 6 [mem 0x000a0000-0x000bffff window]
[    0.839464] pci_bus 0000:00: resource 7 [mem 0x80000000-0xfdffffff window]
[    0.839464] NET: Registered protocol family 2
[    0.847823] tcp_listen_portaddr_hash hash table entries: 1024 (order: 2, 16384 bytes)
[    0.857757] TCP established hash table entries: 16384 (order: 5, 131072 bytes)
[    0.868496] TCP bind hash table entries: 16384 (order: 6, 262144 bytes)
[    0.878401] TCP: Hash tables configured (established 16384 bind 16384)
[    0.889098] UDP hash table entries: 1024 (order: 3, 32768 bytes)
[    0.899280] UDP-Lite hash table entries: 1024 (order: 3, 32768 bytes)
[    0.908496] NET: Registered protocol family 1
[    0.916244] RPC: Registered named UNIX socket transport module.
[    0.925355] RPC: Registered udp transport module.
[    0.933299] RPC: Registered tcp transport module.
[    0.940840] RPC: Registered tcp NFSv4.1 backchannel transport module.
[    0.950399] pci 0000:00:00.0: Limiting direct PCI/PCI transfers
[    0.959244] pci 0000:00:01.0: Activating ISA DMA hang workarounds
[    0.969405] pci 0000:00:02.0: Video device with shadowed ROM at [mem 0x000c0000-0x000dffff]
[    0.980325] pci 0000:00:02.0: pci_fixup_video+0x0/0xd0 took 11194 usecs
[    1.001443] PCI: CLS 0 bytes, default 64
[    1.002791] RAPL PMU: API unit is 2^-32 Joules, 3 fixed counters, 10737418240 ms ovfl timer
[    1.014299] RAPL PMU: hw unit of domain pp0-core 2^-0 Joules
[    1.023159] RAPL PMU: hw unit of domain package 2^-0 Joules
[    1.030825] RAPL PMU: hw unit of domain pp1-gpu 2^-0 Joules
[    1.038862] platform rtc_cmos: registered platform RTC device (no PNP device found)
[    1.049200] check: Scanning for low memory corruption every 60 seconds
[    1.058142] Initialise system trusted keyrings
[    1.066691] workingset: timestamp_bits=56 max_order=19 bucket_order=0
[    1.083517] NFS: Registering the id_resolver key type
[    1.091197] Key type id_resolver registered
[    1.098736] Key type id_legacy registered
[    1.106426] Key type asymmetric registered
[    1.115600] Asymmetric key parser 'x509' registered
[    1.123229] Block layer SCSI generic (bsg) driver version 0.4 loaded (major 251)
[    1.132257] io scheduler mq-deadline registered
[    1.139832] io scheduler kyber registered
[    1.147414] ACPI: AC Adapter [AC] (on-line)
[    1.155594] input: Power Button as /devices/LNXSYSTM:00/LNXPWRBN:00/input/input0
[    1.166405] ACPI: Power Button [PWRF]
[    1.174530] input: Sleep Button as /devices/LNXSYSTM:00/LNXSLPBN:00/input/input1
[    1.184803] ACPI: Sleep Button [SLPF]
[    1.197375] ACPI: Video Device [GFX0] (multi-head: yes  rom: no  post: no)
[    1.206527] input: Video Bus as /devices/LNXSYSTM:00/LNXSYBUS:00/PNP0A03:00/LNXVIDEO:00/input/input2
[    1.217421] Serial: 8250/16550 driver, 4 ports, IRQ sharing enabled
[    1.227262] Non-volatile memory driver v1.3
[    1.236144] Linux agpgart interface v0.103
[    1.250571] loop: module loaded
[    1.257202] ahci 0000:00:0d.0: version 3.0
[    1.262573] ahci 0000:00:0d.0: SSS flag set, parallel bus scan disabled
[    1.274267] ahci 0000:00:0d.0: AHCI 0001.0100 32 slots 1 ports 3 Gbps 0x1 impl SATA mode
[    1.284529] ahci 0000:00:0d.0: flags: 64bit ncq stag only ccc 
[    1.296415] scsi host0: ahci
[    1.303302] ata1: SATA max UDMA/133 abar m8192@0xf0806000 port 0xf0806100 irq 21
[    1.313401] ata_piix 0000:00:01.1: version 2.13
[    1.320436] scsi host1: ata_piix
[    1.328414] scsi host2: ata_piix
[    1.336415] ata2: PATA max UDMA/33 cmd 0x1f0 ctl 0x3f6 bmdma 0xd000 irq 14
[    1.345237] ata3: PATA max UDMA/33 cmd 0x170 ctl 0x376 bmdma 0xd008 irq 15
[    1.354253] e100: Intel(R) PRO/100 Network Driver, 3.5.24-k2-NAPI
[    1.362754] e100: Copyright(c) 1999-2006 Intel Corporation
[    1.384859] e1000: Intel(R) PRO/1000 Network Driver - version 7.3.21-k8-NAPI
[    1.393867] e1000: Copyright (c) 1999-2006 Intel Corporation.
[    1.549420] ata3.00: ATAPI: VBOX CD-ROM, 1.0, max UDMA/133
[    1.679409] ata1: SATA link up 3.0 Gbps (SStatus 123 SControl 300)
[    1.691389] ata1.00: ATA-6: VBOX HARDDISK, 1.0, max UDMA/133
[    1.699720] ata1.00: 104857600 sectors, multi 128: LBA48 NCQ (depth 32)
[    1.763543] ata1.00: configured for UDMA/133
[    1.772361] scsi 0:0:0:0: Direct-Access     ATA      VBOX HARDDISK    1.0  PQ: 0 ANSI: 5
[    1.821404] sd 0:0:0:0: Attached scsi generic sg0 type 0
[    1.830419] sd 0:0:0:0: [sda] 104857600 512-byte logical blocks: (53.7 GB/50.0 GiB)
[    1.846272] scsi 2:0:0:0: CD-ROM            VBOX     CD-ROM           1.0  PQ: 0 ANSI: 5
[    1.856415] sd 0:0:0:0: [sda] Write Protect is off
[    1.864652] sd 0:0:0:0: [sda] Mode Sense: 00 3a 00 00
[    1.874431] sd 0:0:0:0: [sda] Write cache: enabled, read cache: enabled, doesn't support DPO or FUA
[    1.887215] sr 2:0:0:0: [sr0] scsi3-mmc drive: 32x/32x xa/form2 tray
[    1.895908] cdrom: Uniform CD-ROM driver Revision: 3.20
[    1.946507] sr 2:0:0:0: Attached scsi CD-ROM sr0
[    1.949383] sr 2:0:0:0: Attached scsi generic sg1 type 5
[    2.184388]  sda: sda1 sda2 sda3 sda4
[    2.199408] sd 0:0:0:0: [sda] Attached SCSI disk
[    4.222082] hrtimer: interrupt took 4453918 ns
[    4.288339] e1000 0000:00:03.0 eth0: (PCI:33MHz:32-bit) 08:00:27:53:0c:d1
[    4.297313] e1000 0000:00:03.0 eth0: Intel(R) PRO/1000 Network Connection
[    4.306289] e1000e: Intel(R) PRO/1000 Network Driver - 3.2.6-k
[    4.315279] e1000e: Copyright(c) 1999 - 2015 Intel Corporation.
[    4.324392] sky2: driver version 1.30
[    4.331473] ehci_hcd: USB 2.0 'Enhanced' Host Controller (EHCI) Driver
[    4.340839] ehci-pci: EHCI PCI platform driver
[    4.348187] ohci_hcd: USB 1.1 'Open' Host Controller (OHCI) Driver
[    4.356713] ohci-pci: OHCI PCI platform driver
[    4.369580] ohci-pci 0000:00:06.0: OHCI PCI host controller
[    4.378321] ohci-pci 0000:00:06.0: new USB bus registered, assigned bus number 1
[    4.387829] ohci-pci 0000:00:06.0: irq 22, io mem 0xf0804000
[    4.455793] usb usb1: New USB device found, idVendor=1d6b, idProduct=0001, bcdDevice= 5.01
[    4.473454] usb usb1: New USB device strings: Mfr=3, Product=2, SerialNumber=1
[    4.495211] usb usb1: Product: OHCI PCI host controller
[    4.502828] usb usb1: Manufacturer: Linux 5.1.0-rc7-next-20190503 ohci_hcd
[    4.512160] usb usb1: SerialNumber: 0000:00:06.0
[    4.519338] hub 1-0:1.0: USB hub found
[    4.527322] hub 1-0:1.0: 12 ports detected
[    4.542389] uhci_hcd: USB Universal Host Controller Interface driver
[    4.552320] usbcore: registered new interface driver usblp
[    4.562217] usbcore: registered new interface driver usb-storage
[    4.570473] i8042: PNP: PS/2 Controller [PNP0303:PS2K,PNP0f03:PS2M] at 0x60,0x64 irq 1,12
[    4.588735] serio: i8042 KBD port at 0x60,0x64 irq 1
[    4.597797] serio: i8042 AUX port at 0x60,0x64 irq 12
[    4.611389] input: AT Translated Set 2 keyboard as /devices/platform/i8042/serio0/input/input3
[    4.627756] rtc_cmos rtc_cmos: registered as rtc0
[    4.642770] rtc_cmos rtc_cmos: alarms up to one day, 114 bytes nvram
[    4.652366] random: fast init done
[    4.661698] device-mapper: ioctl: 4.40.0-ioctl (2019-01-18) initialised: dm-devel@redhat.com
[    4.683731] intel_pstate: CPU model not supported
[    4.695443] hidraw: raw HID events driver (C) Jiri Kosina
[    4.705277] usbcore: registered new interface driver usbhid
[    4.713164] usbhid: USB HID core driver
[    4.725433] Initializing XFRM netlink socket
[    4.732736] NET: Registered protocol family 10
[    4.740394] Segment Routing with IPv6
[    4.747430] sit: IPv6, IPv4 and MPLS over IPv4 tunneling driver
[    4.756269] NET: Registered protocol family 17
[    4.763601] Key type dns_resolver registered
[    4.773476] mce: Using 0 MCE banks
[    4.780471] registered taskstats version 1
[    4.787677] Loading compiled-in X.509 certificates
[    4.796334] PM:   Magic number: 3:194:81
[    4.806178] printk: console [netcon0] enabled
[    4.813483] netconsole: network logging started
[    4.824605] cfg80211: Loading compiled-in X.509 certificates for regulatory database
[    4.837428] cfg80211: Loaded X.509 cert 'sforshee: 00b28ddf47aef9cea7'
[    4.847359] platform regulatory.0: Direct firmware load for regulatory.db failed with error -2
[    4.860286] Unstable clock detected, switching default tracing clock to "global"
               If you want to keep using the local clock, then add:
                 "trace_clock=local"
               on the kernel command line
[    4.883505] cfg80211: failed to load regulatory.db
[    4.891212] ALSA device list:
[    4.907411]   No soundcards found.
[    4.951435] input: ImExPS/2 Generic Explorer Mouse as /devices/platform/i8042/serio1/input/input5
[    4.965551] md: Waiting for all devices to be available before autodetect
[    4.974330] md: If you don't use raid, use raid=noautodetect
[    4.987276] md: Autodetecting RAID arrays.
[    4.993862] md: autorun ...
[    5.000468] md: ... autorun DONE.
[    5.020400] EXT4-fs (sda2): INFO: recovery required on readonly filesystem
[    5.030387] EXT4-fs (sda2): write access will be enabled during recovery
[    5.038938] usb 1-1: new full-speed USB device number 2 using ohci-pci
[    5.337706] usb 1-1: New USB device found, idVendor=80ee, idProduct=0021, bcdDevice= 1.00
[    5.348093] usb 1-1: New USB device strings: Mfr=1, Product=3, SerialNumber=0
[    5.358340] usb 1-1: Product: USB Tablet
[    5.365344] usb 1-1: Manufacturer: VirtualBox
[    5.515716] input: VirtualBox USB Tablet as /devices/pci0000:00/0000:00:06.0/usb1/1-1/1-1:1.0/0003:80EE:0021.0001/input/input6
[    5.550391] hid-generic 0003:80EE:0021.0001: input,hidraw0: USB HID v1.10 Mouse [VirtualBox USB Tablet] on usb-0000:00:06.0-1/input0
[    6.165426] random: crng init done
[    7.542505] EXT4-fs (sda2): recovery complete
[    7.559730] EXT4-fs (sda2): mounted filesystem with ordered data mode. Opts: (null)
[    7.570621] VFS: Mounted root (ext4 filesystem) readonly on device 8:2.
[    7.599506] devtmpfs: mounted
[    7.608453] Freeing unused kernel image memory: 1300K
[    7.616861] Write protecting the kernel read-only data: 20480k
[    7.626819] Freeing unused kernel image memory: 2008K
[    7.641232] Freeing unused kernel image memory: 984K
[    7.648829] Run /sbin/init as init process
[    8.194472] stty (106) used greatest stack depth: 13872 bytes left
[    8.360921] dmesg (107) used greatest stack depth: 13864 bytes left
[    9.112606] ip (157) used greatest stack depth: 13608 bytes left
[    9.122336] ip (158) used greatest stack depth: 12584 bytes left
[    9.417341] udevd[183]: starting version 3.2.7
[    9.964337] udevd[184]: starting eudev-3.2.7
[   10.524531] e1000 0000:00:03.0 enp0s3: renamed from eth0
[   12.364565] Adding 5115900k swap on /dev/sda4.  Priority:1 extents:1 across:5115900k 
[   12.452341] EXT4-fs (sda2): re-mounted. Opts: (null)
[   12.972008] EXT4-fs (sda2): re-mounted. Opts: (null)
[   13.147681] EXT4-fs (sda3): mounted filesystem with ordered data mode. Opts: (null)
[   14.887544] e1000: enp0s3 NIC Link is Up 1000 Mbps Full Duplex, Flow Control: RX
[   14.923427] IPv6: ADDRCONF(NETDEV_CHANGE): enp0s3: link becomes ready
